// Jest Snapshot v1, https://goo.gl/fbAQLP

exports[`<Description> matches snapshot 1`] = `
<div
  id="description"
>
  <h4>
    Hourly rate data
    <span>
       for 
    </span>
    <DescriptionFilter
      extraClassName={null}
      key="lab"
      label={null}
    >
      Systems Analyst
    </DescriptionFilter>
  </h4>
  <p>
    Showing 101 of 
    <span
      className="total"
    >
      5,000
    </span>
     results with 
    <span
      className="filters"
    >
      <DescriptionFilter
        extraClassName="education-filter"
        key="edu"
        label="education level"
      />
      <DescriptionFilter
        extraClassName={null}
        key="exp"
        label="experience"
      >
        5
         
        -
        10
         
        years
      </DescriptionFilter>
      <DescriptionFilter
        extraClassName={null}
        key="sit"
        label="worksite"
      >
        both
      </DescriptionFilter>
      <DescriptionFilter
        extraClassName={null}
        key="bus"
        label="business size"
      >
        small business
      </DescriptionFilter>
      <DescriptionFilter
        extraClassName={null}
        key="sch"
        label="schedule"
      >
        132 - IT 70
      </DescriptionFilter>
    </span>
  </p>
</div>
`;
