// Jest Snapshot v1, https://goo.gl/fbAQLP

exports[`<EducationLevelItem> matches snapshot 1`] = `
<li>
  <input
    checked={true}
    id="zzz-item"
    name="education"
    onChange={[Function]}
    type="checkbox"
    value="AA"
  />
  <label
    htmlFor="zzz-item"
  >
    Associates
  </label>
</li>
`;
