exports[`<EducationLevel> matches snapshot 1`] = `
<div>
  <label>
    Education level:
  </label>
  <dl
    className="dropdown">
    <dt>
      <a
        aria-expanded="false"
        className="filter_active"
        href="#"
        onClick={[Function]}
        onKeyDown={[Function]}
        role="button">
        <div
          className="multiSel">
          <span
            title="Masters Degree">
            Masters Degree
          </span>
          <span
            title="Ph.D">
            Ph.D
          </span>
        </div>
      </a>
    </dt>
    <dd>
      <div
        className="multiSelect">
        <fieldset>
          <legend
            className="sr-only">
            Education level:
          </legend>
          <ul
            style={null}>
            <li>
              <input
                checked={false}
                id="zzz_HS"
                name="education"
                onChange={[Function]}
                type="checkbox"
                value="HS" />
              <label
                htmlFor="zzz_HS">
                High School
              </label>
            </li>
            <li>
              <input
                checked={false}
                id="zzz_AA"
                name="education"
                onChange={[Function]}
                type="checkbox"
                value="AA" />
              <label
                htmlFor="zzz_AA">
                Associates
              </label>
            </li>
            <li>
              <input
                checked={false}
                id="zzz_BA"
                name="education"
                onChange={[Function]}
                type="checkbox"
                value="BA" />
              <label
                htmlFor="zzz_BA">
                Bachelors Degree
              </label>
            </li>
            <li>
              <input
                checked={true}
                id="zzz_MA"
                name="education"
                onChange={[Function]}
                type="checkbox"
                value="MA" />
              <label
                htmlFor="zzz_MA">
                Masters Degree
              </label>
            </li>
            <li>
              <input
                checked={true}
                id="zzz_PHD"
                name="education"
                onChange={[Function]}
                type="checkbox"
                value="PHD" />
              <label
                htmlFor="zzz_PHD">
                Ph.D
              </label>
            </li>
          </ul>
        </fieldset>
      </div>
    </dd>
  </dl>
</div>
`;
