// Jest Snapshot v1, https://goo.gl/fbAQLP

exports[`<Experience> matches snapshot 1`] = `
<div
  className="filter"
>
  <fieldset>
    <legend>
      Experience:
    </legend>
    <ComponentEnhancer(Range)
      allowCross={false}
      className="experience-slider"
      count={1}
      disabled={false}
      dots={false}
      handle={[Function]}
      id="zzz_range"
      included={true}
      marks={Object {}}
      max={45}
      min={0}
      onAfterChange={[Function]}
      onBeforeChange={[Function]}
      onChange={[Function]}
      prefixCls="rc-slider"
      pushable={false}
      step={1}
      value={
        Array [
          5,
          10,
        ]
      }
      vertical={false}
    />
    <div
      className="experience_range"
    >
      <label
        className="sr-only"
        htmlFor="zzz_min"
      >
        Minimum Years
      </label>
      <select
        className="filter_active select-small"
        id="zzz_min"
        name="min_experience"
        onChange={[Function]}
        value={5}
      >
        <option
          value={0}
        >
          0
        </option>
        <option
          value={1}
        >
          1
        </option>
        <option
          value={2}
        >
          2
        </option>
        <option
          value={3}
        >
          3
        </option>
        <option
          value={4}
        >
          4
        </option>
        <option
          value={5}
        >
          5
        </option>
        <option
          value={6}
        >
          6
        </option>
        <option
          value={7}
        >
          7
        </option>
        <option
          value={8}
        >
          8
        </option>
        <option
          value={9}
        >
          9
        </option>
        <option
          value={10}
        >
          10
        </option>
      </select>
       - 
      <label
        className="sr-only"
        htmlFor="zzz_max"
      >
        Maximum Years
      </label>
      <select
        className="filter_active select-small"
        id="zzz_max"
        name="max_experience"
        onChange={[Function]}
        value={10}
      >
        <option
          value={5}
        >
          5
        </option>
        <option
          value={6}
        >
          6
        </option>
        <option
          value={7}
        >
          7
        </option>
        <option
          value={8}
        >
          8
        </option>
        <option
          value={9}
        >
          9
        </option>
        <option
          value={10}
        >
          10
        </option>
        <option
          value={11}
        >
          11
        </option>
        <option
          value={12}
        >
          12
        </option>
        <option
          value={13}
        >
          13
        </option>
        <option
          value={14}
        >
          14
        </option>
        <option
          value={15}
        >
          15
        </option>
        <option
          value={16}
        >
          16
        </option>
        <option
          value={17}
        >
          17
        </option>
        <option
          value={18}
        >
          18
        </option>
        <option
          value={19}
        >
          19
        </option>
        <option
          value={20}
        >
          20
        </option>
        <option
          value={21}
        >
          21
        </option>
        <option
          value={22}
        >
          22
        </option>
        <option
          value={23}
        >
          23
        </option>
        <option
          value={24}
        >
          24
        </option>
        <option
          value={25}
        >
          25
        </option>
        <option
          value={26}
        >
          26
        </option>
        <option
          value={27}
        >
          27
        </option>
        <option
          value={28}
        >
          28
        </option>
        <option
          value={29}
        >
          29
        </option>
        <option
          value={30}
        >
          30
        </option>
        <option
          value={31}
        >
          31
        </option>
        <option
          value={32}
        >
          32
        </option>
        <option
          value={33}
        >
          33
        </option>
        <option
          value={34}
        >
          34
        </option>
        <option
          value={35}
        >
          35
        </option>
        <option
          value={36}
        >
          36
        </option>
        <option
          value={37}
        >
          37
        </option>
        <option
          value={38}
        >
          38
        </option>
        <option
          value={39}
        >
          39
        </option>
        <option
          value={40}
        >
          40
        </option>
        <option
          value={41}
        >
          41
        </option>
        <option
          value={42}
        >
          42
        </option>
        <option
          value={43}
        >
          43
        </option>
        <option
          value={44}
        >
          44
        </option>
        <option
          value={45}
        >
          45
        </option>
      </select>
       years
    </div>
  </fieldset>
</div>
`;
