// Jest Snapshot v1, https://goo.gl/fbAQLP

exports[`<LaborCategory> matches snapshot 1`] = `
<div>
  <CreatableSelect
    className="form__inline"
    filterOptions={[Function]}
    id="zzz_labor_category"
    isLoading={false}
    isOptionUnique={[Function]}
    isValidNewOption={[Function]}
    labelKey="name"
    menuRenderer={[Function]}
    multi={true}
    name="q"
    newOptionCreator={[Function]}
    noResultsText="No matches found"
    onChange={[Function]}
    onInputChange={[Function]}
    options={Array []}
    placeholder="Type a labor category"
    promptTextCreator={[Function]}
    shouldKeyDownEventCreateNewOption={[Function]}
    value={null}
    valueKey="name"
  />
  <label
    className="sr-only"
    htmlFor="zzz_labor_category"
  >
    Type a labor category
  </label>
</div>
`;
