// Jest Snapshot v1, https://goo.gl/fbAQLP

exports[`<LaborCategory> matches snapshot 1`] = `
<div
  className="search-group"
>
  <label
    className="usa-sr-only"
    htmlFor="zzz_labor_category"
  >
    Type a labor category
  </label>
  <input
    className="form__inline"
    id="zzz_labor_category"
    maxLength={255}
    name="q"
    onChange={[Function]}
    onKeyDown={[Function]}
    placeholder="Type a labor category"
    type="text"
    value=""
  />
</div>
`;
