// Jest Snapshot v1, https://goo.gl/fbAQLP

exports[`<LoadingIndicator> matches snapshot 1`] = `
<div>
  <div
    aria-live="polite"
    className="usa-sr-only"
    role="status"
  >
    Results loaded.
  </div>
  <div
    aria-hidden="true"
    className="loading-indicator"
  >
    <p
      className="message"
    >
      Loading results...
    </p>
  </div>
</div>
`;
