// Jest Snapshot v1, https://goo.gl/fbAQLP

exports[`<QueryType> matches snapshot 1`] = `
<div
  aria-label="Labor category query type"
  role="group"
>
  <span>
    <input
      checked={false}
      id="zzz_match_all"
      name="query_type"
      onChange={[Function]}
      type="radio"
      value="match_all"
    />
    <label
      htmlFor="zzz_match_all"
    >
      Contains words
    </label>
  </span>
  <span>
    <input
      checked={false}
      id="zzz_match_phrase"
      name="query_type"
      onChange={[Function]}
      type="radio"
      value="match_phrase"
    />
    <label
      htmlFor="zzz_match_phrase"
    >
      Contains phrase
    </label>
  </span>
  <span>
    <input
      checked={true}
      id="zzz_match_exact"
      name="query_type"
      onChange={[Function]}
      type="radio"
      value="match_exact"
    />
    <label
      htmlFor="zzz_match_exact"
    >
      Exact match
    </label>
  </span>
</div>
`;
