// Jest Snapshot v1, https://goo.gl/fbAQLP

exports[`<Schedule> matches snapshot 1`] = `
<ul
  className="filter--schedule"
>
  <li
    key="all-schedules"
  >
    <input
      checked={true}
      id="all-schedules"
      name="all-schedules"
      onChange={[Function]}
      type="radio"
      value=""
    />
    <label
      htmlFor="all-schedules"
    >
      In all 9 contract vehicles
      <span
        className="label__suffix"
      />
    </label>
  </li>
  <li
    key="environmental"
  >
    <input
      checked={false}
      id="environmental"
      name="environmental"
      onChange={[Function]}
      type="radio"
      value="Environmental"
    />
    <label
      htmlFor="environmental"
    >
      899 - Environmental
      <span
        className="label__suffix"
      >
        (Legacy)
      </span>
    </label>
  </li>
  <li
    key="logistics"
  >
    <input
      checked={false}
      id="logistics"
      name="logistics"
      onChange={[Function]}
      type="radio"
      value="Logistics"
    />
    <label
      htmlFor="logistics"
    >
      87405 - Logistics
      <span
        className="label__suffix"
      >
        (Legacy)
      </span>
    </label>
  </li>
  <li
    key="mobis"
  >
    <input
      checked={false}
      id="mobis"
      name="mobis"
      onChange={[Function]}
      type="radio"
      value="MOBIS"
    />
    <label
      htmlFor="mobis"
    >
      874 - MOBIS
      <span
        className="label__suffix"
      >
        (Legacy)
      </span>
    </label>
  </li>
  <li
    key="pes"
  >
    <input
      checked={false}
      id="pes"
      name="pes"
      onChange={[Function]}
      type="radio"
      value="PES"
    />
    <label
      htmlFor="pes"
    >
      871 - PES
      <span
        className="label__suffix"
      >
        (Legacy)
      </span>
    </label>
  </li>
  <li
    key="language-services"
  >
    <input
      checked={false}
      id="language-services"
      name="language-services"
      onChange={[Function]}
      type="radio"
      value="Language Services"
    />
    <label
      htmlFor="language-services"
    >
      73802 - Language
      <span
        className="label__suffix"
      >
        (Legacy)
      </span>
    </label>
  </li>
  <li
    key="aims"
  >
    <input
      checked={false}
      id="aims"
      name="aims"
      onChange={[Function]}
      type="radio"
      value="AIMS"
    />
    <label
      htmlFor="aims"
    >
      541 - AIMS
      <span
        className="label__suffix"
      >
        (Legacy)
      </span>
    </label>
  </li>
  <li
    key="fabs"
  >
    <input
      checked={false}
      id="fabs"
      name="fabs"
      onChange={[Function]}
      type="radio"
      value="FABS"
    />
    <label
      htmlFor="fabs"
    >
      520 - FABS
      <span
        className="label__suffix"
      >
        (Legacy)
      </span>
    </label>
  </li>
  <li
    key="it-schedule-70"
  >
    <input
      checked={false}
      id="it-schedule-70"
      name="it-schedule-70"
      onChange={[Function]}
      type="radio"
      value="IT Schedule 70"
    />
    <label
      htmlFor="it-schedule-70"
    >
      132 - IT 70
      <span
        className="label__suffix"
      />
    </label>
  </li>
  <li
    key="consolidated"
  >
    <input
      checked={false}
      id="consolidated"
      name="consolidated"
      onChange={[Function]}
      type="radio"
      value="Consolidated"
    />
    <label
      htmlFor="consolidated"
    >
      Consolidated
      <span
        className="label__suffix"
      />
    </label>
  </li>
</ul>
`;
