// Jest Snapshot v1, https://goo.gl/fbAQLP

exports[`<Site> matches snapshot 1`] = `
<div
  className="filter filter-site"
>
  <label
    htmlFor="zzz_site"
  >
    Worksite:
  </label>
  <select
    className="filter_active"
    id="zzz_site"
    name="site"
    onChange={[Function]}
    value="contractor"
  >
    <option
      key=""
      value=""
    >
      (all)
    </option>
    <option
      key="customer"
      value="customer"
    >
      customer
    </option>
    <option
      key="contractor"
      value="contractor"
    >
      contractor
    </option>
    <option
      key="both"
      value="both"
    >
      both
    </option>
  </select>
</div>
`;
