exports[`<Site> matches snapshot 1`] = `
<div
  class="filter filter-site">
  <label
    for="zzz_site">
    Worksite:
  </label>
  <select
    class="filter_active"
    id="zzz_site"
    name="site">
    <option
      value="">
      (all)
    </option>
    <option
      value="customer">
      customer
    </option>
    <option
      selected=""
      value="contractor">
      contractor
    </option>
    <option
      value="both">
      both
    </option>
  </select>
</div>
`;
